PS C:\Users\dvpsp\OneDrive\Documents\Psc> git add .
PS C:\Users\dvpsp\OneDrive\Documents\Psc> cd set02
PS C:\Users\dvpsp\OneDrive\Documents\Psc\set02>  gcc -g -O0 problem05.c -o problem05.exe
>> 
PS C:\Users\dvpsp\OneDrive\Documents\Psc\set02> gdb .\problem05.exe
>> 
GNU gdb (GDB) 7.6.1
Copyright (C) 2013 Free Software Foundation, Inc.
License GPLv3+: GNU GPL version 3 or later <http://gnu.org/licenses/gpl.html>
This is free software: you are free to change and redistribute it.
There is NO WARRANTY, to the extent permitted by law.  Type "show copying"
and "show warranty" for details.
This GDB was configured as "mingw32".
For bug reporting instructions, please see:
<http://www.gnu.org/software/gdb/bugs/>...
Reading symbols from C:\Users\dvpsp\OneDrive\Documents\Psc\set02\problem05.exe...done.
(gdb) b main
Breakpoint 1 at 0x40146e: file problem05.c, line 9.
(gdb) r
Starting program: C:\Users\dvpsp\OneDrive\Documents\Psc\set02/.\problem05.exe
[New Thread 110352.0x1f02c]
[New Thread 110352.0x16a10]

Breakpoint 1, main () at problem05.c:9
9           n1 = input();
(gdb) n
Enter a number: 5
10          n2 = input();
(gdb) n
Enter a number: 5
11          int gcd = find_gcd(n1, n2);
(gdb) n
12          output(n1, n2, gcd);
(gdb) n
The GCD of 5 and 5 is: 5
13          return 0;
(gdb) n
14      }
(gdb) q
A debugging session is active.

        Inferior 1 [process 110352] will be killed.

Quit anyway? (y or n) y
error return ../../gdb-7.6.1/gdb/windows-nat.c:1275 was 5
PS C:\Users\dvpsp\OneDrive\Documents\Psc\set02>  gcc -g -O0 problem05.c -o problem05.exe
>> 
PS C:\Users\dvpsp\OneDrive\Documents\Psc\set02> gdb .\problem05.exe
>> 
GNU gdb (GDB) 7.6.1
Copyright (C) 2013 Free Software Foundation, Inc.
License GPLv3+: GNU GPL version 3 or later <http://gnu.org/licenses/gpl.html>
This is free software: you are free to change and redistribute it.
There is NO WARRANTY, to the extent permitted by law.  Type "show copying"
and "show warranty" for details.
This GDB was configured as "mingw32".
For bug reporting instructions, please see:
<http://www.gnu.org/software/gdb/bugs/>...
Reading symbols from C:\Users\dvpsp\OneDrive\Documents\Psc\set02\problem05.exe...done.
(gdb) b main
Breakpoint 1 at 0x40146e: file problem05.c, line 9.
(gdb) r
Starting program: C:\Users\dvpsp\OneDrive\Documents\Psc\set02/.\problem05.exe
[New Thread 21040.0x208ac]
[New Thread 21040.0x1b2f4]

Breakpoint 1, main () at problem05.c:9
9           n1 = input();
(gdb) n
Enter a number: 4
10          n2 = input();
(gdb) n
Enter a number: 6
11          int gcd = find_gcd(n1, n2);
(gdb) n
12          output(n1, n2, gcd);
(gdb) n
The GCD of 4 and 6 is: 2
13          return 0;
(gdb) n
14      }
(gdb) n
0x00401288 in __register_frame_info ()
(gdb) q
A debugging session is active.

        Inferior 1 [process 21040] will be killed.

Quit anyway? (y or n) y