PS C:\Users\dvpsp\OneDrive\Documents\Psc> git add .
PS C:\Users\dvpsp\OneDrive\Documents\Psc> cd set01
PS C:\Users\dvpsp\OneDrive\Documents\Psc\set01>  gcc -g -O0 problem02.c -o problem02.exe
>> 
PS C:\Users\dvpsp\OneDrive\Documents\Psc\set01> gdb .\problem02.exe
>> 
GNU gdb (GDB) 7.6.1
Copyright (C) 2013 Free Software Foundation, Inc.
License GPLv3+: GNU GPL version 3 or later <http://gnu.org/licenses/gpl.html>
This is free software: you are free to change and redistribute it.
There is NO WARRANTY, to the extent permitted by law.  Type "show copying"
and "show warranty" for details.
This GDB was configured as "mingw32".
For bug reporting instructions, please see:
<http://www.gnu.org/software/gdb/bugs/>...
Reading symbols from C:\Users\dvpsp\OneDrive\Documents\Psc\set01\problem02.exe...done.
(gdb) b main
Breakpoint 1 at 0x40146e: file problem02.c, line 5.
(gdb) r
Starting program: C:\Users\dvpsp\OneDrive\Documents\Psc\set01/.\problem02.exe 
[New Thread 30648.0x8f50]
[New Thread 30648.0x4178]

Breakpoint 1, main () at problem02.c:5
5           int x=4,y=5,sum;
(gdb) n
6           sum=x+y;
(gdb) n
7           printf("The sum of the two numbers are %d\n",sum);
(gdb) n
The sum of the two numbers are 9
8           return 0;
(gdb) n
9       }
(gdb) n
0x00401288 in __register_frame_info ()
(gdb) q
A debugging session is active.

        Inferior 1 [process 30648] will be killed.

Quit anyway? (y or n) y
error return ../../gdb-7.6.1/gdb/windows-nat.c:1275 was 5