PS C:\Users\dvpsp\OneDrive\Documents\Psc> git add .
PS C:\Users\dvpsp\OneDrive\Documents\Psc> cd set01 
PS C:\Users\dvpsp\OneDrive\Documents\Psc\set01>  gcc -g -O0 problem01.c -o problem01.exe
>> 
PS C:\Users\dvpsp\OneDrive\Documents\Psc\set01> gdb .\problem01.exe
>> 
GNU gdb (GDB) 7.6.1
Copyright (C) 2013 Free Software Foundation, Inc.
License GPLv3+: GNU GPL version 3 or later <http://gnu.org/licenses/gpl.html>
This is free software: you are free to change and redistribute it.
There is NO WARRANTY, to the extent permitted by law.  Type "show copying"
and "show warranty" for details.
This GDB was configured as "mingw32".
For bug reporting instructions, please see:
<http://www.gnu.org/software/gdb/bugs/>...
Reading symbols from C:\Users\dvpsp\OneDrive\Documents\Psc\set01\problem01.exe...done.
(gdb) b main
Breakpoint 1 at 0x40146e: file problem01.c, line 5.
(gdb) r
Starting program: C:\Users\dvpsp\OneDrive\Documents\Psc\set01/.\problem01.exe 
[New Thread 24588.0x40ac]
[New Thread 24588.0x4514]

Breakpoint 1, main () at problem01.c:5
5           printf("My name is Pranavi/n");
(gdb) n
My name is Pranavi/n6       return 0;
(gdb) n
7       }
(gdb) n
0x00401288 in __register_frame_info ()
(gdb) q
A debugging session is active.

        Inferior 1 [process 24588] will be killed.

Quit anyway? (y or n) y
error return ../../gdb-7.6.1/gdb/windows-nat.c:1275 was 5